// Jest Snapshot v1, https://goo.gl/fbAQLP

exports[`<App /> Should match the snapshot 1`] = `
Array [
  <h1
    className="fullWidth"
  >
    React Redux Testing App
  </h1>,
  <h3
    className="fullWidth"
  >
    This is a basic scaffolding for app using React And Redux
  </h3>,
  <div
    className="fullWidth"
  >
    <div
      className="loading"
    >
      <div
        className="lds-dual-ring"
      />
    </div>
  </div>,
]
`;
